// Vitest Snapshot v1, https://vitest.dev/guide/snapshot.html

exports[`cOMPLIANCE_REWRITE_MAP — characterization baseline > pins every [from, to] pair, in order 1`] = `
[
  [
    "加碼時機",
    "配置增加時點",
  ],
  [
    "減碼時機",
    "配置縮減時點",
  ],
  [
    "進場時機",
    "建立部位時點",
  ],
  [
    "出場時機",
    "結束部位時點",
  ],
  [
    "進場點",
    "建立部位點位",
  ],
  [
    "出場點",
    "結束部位點位",
  ],
  [
    "可以進場",
    "可考慮建立部位",
  ],
  [
    "可以出場",
    "可考慮結束部位",
  ],
  [
    "看空",
    "估值承壓",
  ],
  [
    "看多",
    "動能延續",
  ],
  [
    "偏空",
    "壓力較重",
  ],
  [
    "偏多",
    "動能偏強",
  ],
  [
    "做空",
    "對沖部位",
  ],
  [
    "做多",
    "順向部位",
  ],
  [
    "轉空",
    "轉趨保守",
  ],
  [
    "轉多",
    "轉趨積極",
  ],
  [
    "增持",
    "配置增加",
  ],
  [
    "減持",
    "配置縮減",
  ],
  [
    "佈局",
    "部位安排",
  ],
  [
    "值得關注",
    "後續可觀察",
  ],
  [
    "值得留意",
    "後續可觀察",
  ],
  [
    "值得追蹤",
    "後續可觀察",
  ],
  [
    "建議觀察",
    "後續可觀察",
  ],
  [
    "建議留意",
    "後續可觀察",
  ],
  [
    "可以考慮",
    "可評估",
  ],
  [
    "值得考慮",
    "可評估",
  ],
  [
    "避開",
    "規避",
  ],
  [
    "少碰",
    "減少接觸",
  ],
  [
    "繞開",
    "規避",
  ],
]
`;
